// Jest Snapshot v1, https://goo.gl/fbAQLP

exports[`Pruebas en primera App debe de mostrar <PrimeraApp>correctamente 1`] = `
<Fragment>
  <h1>
    Hola soy goku
  </h1>
  <p>
    Mi primer parrafo
  </p>
</Fragment>
`;
